[INFO] Scanning for projects...
[INFO] 
[INFO] -------------------< com.omnivise:omnivise-backend >--------------------
[INFO] Building omnivise-backend 1.0-SNAPSHOT
[INFO]   from pom.xml
[INFO] --------------------------------[ jar ]---------------------------------
[INFO] 
[INFO] --- exec:3.6.3:java (default-cli) @ omnivise-backend ---
📄 .env fájl megtalálva: /home/gtoth/projects/omnivise-iot/.env
🚀 OmniVise-IoT Backend indítása...
📂 .env fájl betöltve: /home/gtoth/projects/omnivise-iot/.env
🔌 MongoDB URI: mongodb://admin:secretpassword123@localhost:27017
🌐 Port: 7070
[com.omnivise.Main.main()] INFO io.javalin.Javalin - Starting Javalin ...
[com.omnivise.Main.main()] INFO org.eclipse.jetty.server.Server - jetty-11.0.20; built: 2024-01-29T21:04:22.394Z; git: 922f8dc188f7011e60d0361de585fd4ac4d63064; jvm 21.0.10+7
[com.omnivise.Main.main()] INFO org.eclipse.jetty.server.session.DefaultSessionIdManager - Session workerName=node0
[com.omnivise.Main.main()] INFO org.eclipse.jetty.server.handler.ContextHandler - Started o.e.j.s.ServletContextHandler@15dc0ad5{/,null,AVAILABLE}
[com.omnivise.Main.main()] INFO org.eclipse.jetty.server.AbstractConnector - Started ServerConnector@55f35847{HTTP/1.1, (http/1.1)}{0.0.0.0:7070}
[com.omnivise.Main.main()] INFO org.eclipse.jetty.server.Server - Started Server@424674af{STARTING}[11.0.20,sto=0] @1352ms
[com.omnivise.Main.main()] INFO io.javalin.Javalin - Javalin started in 120ms \o/
[com.omnivise.Main.main()] INFO io.javalin.Javalin - Listening on http://localhost:7070/
[com.omnivise.Main.main()] INFO io.javalin.Javalin - You are running Javalin 6.1.3 (released March 2, 2024. Your Javalin version is 723 days old. Consider checking for a newer version.).
✅ Szerver fut a http://localhost:7070 címen
